I'm sorry, but errors were detected in your script. Please correct the
errors listed below, and try again.


File "index.rpy", line 43: Line is indented, but the preceding scene statement statement does not expect a block. Please check this line's indentation. You may have forgotten a colon (:).
    "Your room. Audition day is tomorrow."
    ^

Ren'Py Version: Ren'Py 8.5.2.26010301
Thu May 21 19:22:48 2026
